(b'running build\nrunning config_cc\nunifing config_cc, config, build_clib, build_ext, build commands --compiler options\nrunning config_fc\nunifing config_fc, config, build_clib, build_ext, build commands --fcompiler options\nrunning build_src\nbuild_src\nbuilding extension "barotropic" sources\nf2py options: []\nf2py:> /var/folders/7x/b7kmc1l144s4bt3_20c2vbkh0000gn/T/tmptr887_ul/src.macosx-10.9-x86_64-3.7/barotropicmodule.c\ncreating /var/folders/7x/b7kmc1l144s4bt3_20c2vbkh0000gn/T/tmptr887_ul/src.macosx-10.9-x86_64-3.7\nReading fortran codes...\n\tReading file \'barotropic.f90\' (format:free)\nPost-processing...\n\tBlock: barotropic\n\t\t\tBlock: velocity\n\t\t\t\tBlock: ubar\n\t\t\t\tBlock: vbar\nPost-processing (stage 2)...\n\tBlock: barotropic\n\t\tBlock: unknown_interface\n\t\t\tBlock: velocity\n\t\t\t\tBlock: ubar\n\t\t\t\tBlock: vbar\nBuilding modules...\n\tBuilding module "barotropic"...\n\t\tConstructing F90 module support for "velocity"...\n\t\t\tConstructing wrapper function "velocity.ubar"...\n\t\t\t  outdat = ubar(dat,outdat,z_w,z_wu,[nroms,ii,jj,xi_rho,eta_rho,overwrite_dat,overwrite_outdat,overwrite_z_w,overwrite_z_wu])\n\t\t\tConstructing wrapper function "velocity.vbar"...\n\t\t\t  outdat = vbar(dat,outdat,z_w,z_wv,[nroms,ii,jj,xi_rho,eta_rho,overwrite_dat,overwrite_outdat,overwrite_z_w,overwrite_z_wv])\n\tWrote C/API module "barotropic" to file "/var/folders/7x/b7kmc1l144s4bt3_20c2vbkh0000gn/T/tmptr887_ul/src.macosx-10.9-x86_64-3.7/barotropicmodule.c"\n\tFortran 90 wrappers are saved to "/var/folders/7x/b7kmc1l144s4bt3_20c2vbkh0000gn/T/tmptr887_ul/src.macosx-10.9-x86_64-3.7/barotropic-f2pywrappers2.f90"\n  adding \'/var/folders/7x/b7kmc1l144s4bt3_20c2vbkh0000gn/T/tmptr887_ul/src.macosx-10.9-x86_64-3.7/fortranobject.c\' to sources.\n  adding \'/var/folders/7x/b7kmc1l144s4bt3_20c2vbkh0000gn/T/tmptr887_ul/src.macosx-10.9-x86_64-3.7\' to include_dirs.\ncopying /Users/trondkr/anaconda3/envs/OpenDrift/lib/python3.7/site-packages/numpy/f2py/src/fortranobject.c -> /var/folders/7x/b7kmc1l144s4bt3_20c2vbkh0000gn/T/tmptr887_ul/src.macosx-10.9-x86_64-3.7\ncopying /Users/trondkr/anaconda3/envs/OpenDrift/lib/python3.7/site-packages/numpy/f2py/src/fortranobject.h -> /var/folders/7x/b7kmc1l144s4bt3_20c2vbkh0000gn/T/tmptr887_ul/src.macosx-10.9-x86_64-3.7\n  adding \'/var/folders/7x/b7kmc1l144s4bt3_20c2vbkh0000gn/T/tmptr887_ul/src.macosx-10.9-x86_64-3.7/barotropic-f2pywrappers2.f90\' to sources.\nbuild_src: building npy-pkg config files\nrunning build_ext\ncustomize UnixCCompiler\ncustomize UnixCCompiler using build_ext\nget_default_fcompiler: matching types: \'[\'gnu95\', \'nag\', \'absoft\', \'ibm\', \'intel\', \'gnu\', \'g95\', \'pg\']\'\ncustomize Gnu95FCompiler\nFound executable /anaconda3/bin/gfortran\ncustomize Gnu95FCompiler\ncustomize Gnu95FCompiler using build_ext\nbuilding \'barotropic\' extension\ncompiling C sources\nC compiler: gcc -Wno-unused-result -Wsign-compare -Wunreachable-code -DNDEBUG -g -fwrapv -O3 -Wall -Wstrict-prototypes -I/Users/trondkr/anaconda3/envs/OpenDrift/include -arch x86_64 -I/Users/trondkr/anaconda3/envs/OpenDrift/include -arch x86_64\n\ncreating /var/folders/7x/b7kmc1l144s4bt3_20c2vbkh0000gn/T/tmptr887_ul/var\ncreating /var/folders/7x/b7kmc1l144s4bt3_20c2vbkh0000gn/T/tmptr887_ul/var/folders\ncreating /var/folders/7x/b7kmc1l144s4bt3_20c2vbkh0000gn/T/tmptr887_ul/var/folders/7x\ncreating /var/folders/7x/b7kmc1l144s4bt3_20c2vbkh0000gn/T/tmptr887_ul/var/folders/7x/b7kmc1l144s4bt3_20c2vbkh0000gn\ncreating /var/folders/7x/b7kmc1l144s4bt3_20c2vbkh0000gn/T/tmptr887_ul/var/folders/7x/b7kmc1l144s4bt3_20c2vbkh0000gn/T\ncreating /var/folders/7x/b7kmc1l144s4bt3_20c2vbkh0000gn/T/tmptr887_ul/var/folders/7x/b7kmc1l144s4bt3_20c2vbkh0000gn/T/tmptr887_ul\ncreating /var/folders/7x/b7kmc1l144s4bt3_20c2vbkh0000gn/T/tmptr887_ul/var/folders/7x/b7kmc1l144s4bt3_20c2vbkh0000gn/T/tmptr887_ul/src.macosx-10.9-x86_64-3.7\ncompile options: \'-I/var/folders/7x/b7kmc1l144s4bt3_20c2vbkh0000gn/T/tmptr887_ul/src.macosx-10.9-x86_64-3.7 -I/Users/trondkr/anaconda3/envs/OpenDrift/lib/python3.7/site-packages/numpy/core/include -I/Users/trondkr/anaconda3/envs/OpenDrift/include/python3.7m -c\'\ngcc: /var/folders/7x/b7kmc1l144s4bt3_20c2vbkh0000gn/T/tmptr887_ul/src.macosx-10.9-x86_64-3.7/barotropicmodule.c\ngcc: /var/folders/7x/b7kmc1l144s4bt3_20c2vbkh0000gn/T/tmptr887_ul/src.macosx-10.9-x86_64-3.7/fortranobject.c\ncompiling Fortran 90 module sources\nFortran f77 compiler: /anaconda3/bin/gfortran -Wall -g -ffixed-form -fno-second-underscore -m64 -fPIC -O3 -funroll-loops\nFortran f90 compiler: /anaconda3/bin/gfortran -Wall -g -fno-second-underscore -m64 -fPIC -O3 -funroll-loops\nFortran fix compiler: /anaconda3/bin/gfortran -Wall -g -ffixed-form -fno-second-underscore -Wall -g -fno-second-underscore -m64 -fPIC -O3 -funroll-loops\ncompile options: \'-I/var/folders/7x/b7kmc1l144s4bt3_20c2vbkh0000gn/T/tmptr887_ul/src.macosx-10.9-x86_64-3.7 -I/Users/trondkr/anaconda3/envs/OpenDrift/lib/python3.7/site-packages/numpy/core/include -I/Users/trondkr/anaconda3/envs/OpenDrift/include/python3.7m -c\'\nextra options: \'-J/var/folders/7x/b7kmc1l144s4bt3_20c2vbkh0000gn/T/tmptr887_ul/ -I/var/folders/7x/b7kmc1l144s4bt3_20c2vbkh0000gn/T/tmptr887_ul/\'\ngfortran:f90: barotropic.f90\ncompiling Fortran sources\nFortran f77 compiler: /anaconda3/bin/gfortran -Wall -g -ffixed-form -fno-second-underscore -m64 -fPIC -O3 -funroll-loops\nFortran f90 compiler: /anaconda3/bin/gfortran -Wall -g -fno-second-underscore -m64 -fPIC -O3 -funroll-loops\nFortran fix compiler: /anaconda3/bin/gfortran -Wall -g -ffixed-form -fno-second-underscore -Wall -g -fno-second-underscore -m64 -fPIC -O3 -funroll-loops\ncompile options: \'-I/var/folders/7x/b7kmc1l144s4bt3_20c2vbkh0000gn/T/tmptr887_ul/src.macosx-10.9-x86_64-3.7 -I/Users/trondkr/anaconda3/envs/OpenDrift/lib/python3.7/site-packages/numpy/core/include -I/Users/trondkr/anaconda3/envs/OpenDrift/include/python3.7m -c\'\nextra options: \'-J/var/folders/7x/b7kmc1l144s4bt3_20c2vbkh0000gn/T/tmptr887_ul/ -I/var/folders/7x/b7kmc1l144s4bt3_20c2vbkh0000gn/T/tmptr887_ul/\'\ngfortran:f90: /var/folders/7x/b7kmc1l144s4bt3_20c2vbkh0000gn/T/tmptr887_ul/src.macosx-10.9-x86_64-3.7/barotropic-f2pywrappers2.f90\n/anaconda3/bin/gfortran -Wall -g -m64 -Wall -g -undefined dynamic_lookup -bundle /var/folders/7x/b7kmc1l144s4bt3_20c2vbkh0000gn/T/tmptr887_ul/var/folders/7x/b7kmc1l144s4bt3_20c2vbkh0000gn/T/tmptr887_ul/src.macosx-10.9-x86_64-3.7/barotropicmodule.o /var/folders/7x/b7kmc1l144s4bt3_20c2vbkh0000gn/T/tmptr887_ul/var/folders/7x/b7kmc1l144s4bt3_20c2vbkh0000gn/T/tmptr887_ul/src.macosx-10.9-x86_64-3.7/fortranobject.o /var/folders/7x/b7kmc1l144s4bt3_20c2vbkh0000gn/T/tmptr887_ul/barotropic.o /var/folders/7x/b7kmc1l144s4bt3_20c2vbkh0000gn/T/tmptr887_ul/var/folders/7x/b7kmc1l144s4bt3_20c2vbkh0000gn/T/tmptr887_ul/src.macosx-10.9-x86_64-3.7/barotropic-f2pywrappers2.o -L/anaconda3/bin/../lib/gcc/x86_64-apple-darwin11.4.2/4.8.5 -L/anaconda3/bin/../lib/gcc/x86_64-apple-darwin11.4.2/4.8.5/../../.. -L/anaconda3/bin/../lib/gcc/x86_64-apple-darwin11.4.2/4.8.5/../../.. -lgfortran -o ./barotropic.cpython-37m-darwin.so\nRemoving build directory /var/folders/7x/b7kmc1l144s4bt3_20c2vbkh0000gn/T/tmptr887_ul\n', None)b'running build\nrunning config_cc\nunifing config_cc, config, build_clib, build_ext, build commands --compiler options\nrunning config_fc\nunifing config_fc, config, build_clib, build_ext, build commands --fcompiler options\nrunning build_src\nbuild_src\nbuilding extension "interpolation" sources\nf2py options: []\nf2py:> /var/folders/7x/b7kmc1l144s4bt3_20c2vbkh0000gn/T/tmphl24ynqr/src.macosx-10.9-x86_64-3.7/interpolationmodule.c\ncreating /var/folders/7x/b7kmc1l144s4bt3_20c2vbkh0000gn/T/tmphl24ynqr/src.macosx-10.9-x86_64-3.7\nReading fortran codes...\n\tReading file \'interpolation.f90\' (format:free)\nPost-processing...\n\tBlock: interpolation\n\t\t\tBlock: interpolation\n\t\t\t\tBlock: dovertinter\n\t\t\t\tBlock: rho2u\n\t\t\t\tBlock: rho2v\n\t\t\t\tBlock: rotate\nPost-processing (stage 2)...\n\tBlock: interpolation\n\t\tBlock: unknown_interface\n\t\t\tBlock: interpolation\n\t\t\t\tBlock: dovertinter\n\t\t\t\tBlock: rho2u\n\t\t\t\tBlock: rho2v\n\t\t\t\tBlock: rotate\nBuilding modules...\n\tBuilding module "interpolation"...\n\t\tConstructing F90 module support for "interpolation"...\n\t\t\tConstructing wrapper function "interpolation.dovertinter"...\n\t\t\t  outdat = dovertinter(outdat,dat,bathymetry,zr,zs,[nroms,nsoda,ii,jj,xi_rho,eta_rho,overwrite_outdat,overwrite_dat,overwrite_bathymetry,overwrite_zr,overwrite_zs])\n\t\t\tConstructing wrapper function "interpolation.rho2u"...\n\t\t\t  udata = rho2u(udata,rhodata,[ii,jj,kk,overwrite_udata,overwrite_rhodata])\n\t\t\tConstructing wrapper function "interpolation.rho2v"...\n\t\t\t  vdata = rho2v(vdata,rhodata,[ii,jj,kk,overwrite_vdata,overwrite_rhodata])\n\t\t\tConstructing wrapper function "interpolation.rotate"...\n\t\t\t  urot,vrot = rotate(urot,vrot,u_rho,v_rho,angle,[ii,jj,kk,overwrite_urot,overwrite_vrot,overwrite_u_rho,overwrite_v_rho,overwrite_angle])\n\tWrote C/API module "interpolation" to file "/var/folders/7x/b7kmc1l144s4bt3_20c2vbkh0000gn/T/tmphl24ynqr/src.macosx-10.9-x86_64-3.7/interpolationmodule.c"\n\tFortran 90 wrappers are saved to "/var/folders/7x/b7kmc1l144s4bt3_20c2vbkh0000gn/T/tmphl24ynqr/src.macosx-10.9-x86_64-3.7/interpolation-f2pywrappers2.f90"\n  adding \'/var/folders/7x/b7kmc1l144s4bt3_20c2vbkh0000gn/T/tmphl24ynqr/src.macosx-10.9-x86_64-3.7/fortranobject.c\' to sources.\n  adding \'/var/folders/7x/b7kmc1l144s4bt3_20c2vbkh0000gn/T/tmphl24ynqr/src.macosx-10.9-x86_64-3.7\' to include_dirs.\ncopying /Users/trondkr/anaconda3/envs/OpenDrift/lib/python3.7/site-packages/numpy/f2py/src/fortranobject.c -> /var/folders/7x/b7kmc1l144s4bt3_20c2vbkh0000gn/T/tmphl24ynqr/src.macosx-10.9-x86_64-3.7\ncopying /Users/trondkr/anaconda3/envs/OpenDrift/lib/python3.7/site-packages/numpy/f2py/src/fortranobject.h -> /var/folders/7x/b7kmc1l144s4bt3_20c2vbkh0000gn/T/tmphl24ynqr/src.macosx-10.9-x86_64-3.7\n  adding \'/var/folders/7x/b7kmc1l144s4bt3_20c2vbkh0000gn/T/tmphl24ynqr/src.macosx-10.9-x86_64-3.7/interpolation-f2pywrappers2.f90\' to sources.\nbuild_src: building npy-pkg config files\nrunning build_ext\ncustomize UnixCCompiler\ncustomize UnixCCompiler using build_ext\nget_default_fcompiler: matching types: \'[\'gnu95\', \'nag\', \'absoft\', \'ibm\', \'intel\', \'gnu\', \'g95\', \'pg\']\'\ncustomize Gnu95FCompiler\nFound executable /anaconda3/bin/gfortran\ncustomize Gnu95FCompiler\ncustomize Gnu95FCompiler using build_ext\nbuilding \'interpolation\' extension\ncompiling C sources\nC compiler: gcc -Wno-unused-result -Wsign-compare -Wunreachable-code -DNDEBUG -g -fwrapv -O3 -Wall -Wstrict-prototypes -I/Users/trondkr/anaconda3/envs/OpenDrift/include -arch x86_64 -I/Users/trondkr/anaconda3/envs/OpenDrift/include -arch x86_64\n\ncreating /var/folders/7x/b7kmc1l144s4bt3_20c2vbkh0000gn/T/tmphl24ynqr/var\ncreating /var/folders/7x/b7kmc1l144s4bt3_20c2vbkh0000gn/T/tmphl24ynqr/var/folders\ncreating /var/folders/7x/b7kmc1l144s4bt3_20c2vbkh0000gn/T/tmphl24ynqr/var/folders/7x\ncreating /var/folders/7x/b7kmc1l144s4bt3_20c2vbkh0000gn/T/tmphl24ynqr/var/folders/7x/b7kmc1l144s4bt3_20c2vbkh0000gn\ncreating /var/folders/7x/b7kmc1l144s4bt3_20c2vbkh0000gn/T/tmphl24ynqr/var/folders/7x/b7kmc1l144s4bt3_20c2vbkh0000gn/T\ncreating /var/folders/7x/b7kmc1l144s4bt3_20c2vbkh0000gn/T/tmphl24ynqr/var/folders/7x/b7kmc1l144s4bt3_20c2vbkh0000gn/T/tmphl24ynqr\ncreating /var/folders/7x/b7kmc1l144s4bt3_20c2vbkh0000gn/T/tmphl24ynqr/var/folders/7x/b7kmc1l144s4bt3_20c2vbkh0000gn/T/tmphl24ynqr/src.macosx-10.9-x86_64-3.7\ncompile options: \'-I/var/folders/7x/b7kmc1l144s4bt3_20c2vbkh0000gn/T/tmphl24ynqr/src.macosx-10.9-x86_64-3.7 -I/Users/trondkr/anaconda3/envs/OpenDrift/lib/python3.7/site-packages/numpy/core/include -I/Users/trondkr/anaconda3/envs/OpenDrift/include/python3.7m -c\'\ngcc: /var/folders/7x/b7kmc1l144s4bt3_20c2vbkh0000gn/T/tmphl24ynqr/src.macosx-10.9-x86_64-3.7/interpolationmodule.c\ngcc: /var/folders/7x/b7kmc1l144s4bt3_20c2vbkh0000gn/T/tmphl24ynqr/src.macosx-10.9-x86_64-3.7/fortranobject.c\ncompiling Fortran 90 module sources\nFortran f77 compiler: /anaconda3/bin/gfortran -Wall -g -ffixed-form -fno-second-underscore -m64 -fPIC -O3 -funroll-loops\nFortran f90 compiler: /anaconda3/bin/gfortran -Wall -g -fno-second-underscore -m64 -fPIC -O3 -funroll-loops\nFortran fix compiler: /anaconda3/bin/gfortran -Wall -g -ffixed-form -fno-second-underscore -Wall -g -fno-second-underscore -m64 -fPIC -O3 -funroll-loops\ncompile options: \'-I/var/folders/7x/b7kmc1l144s4bt3_20c2vbkh0000gn/T/tmphl24ynqr/src.macosx-10.9-x86_64-3.7 -I/Users/trondkr/anaconda3/envs/OpenDrift/lib/python3.7/site-packages/numpy/core/include -I/Users/trondkr/anaconda3/envs/OpenDrift/include/python3.7m -c\'\nextra options: \'-J/var/folders/7x/b7kmc1l144s4bt3_20c2vbkh0000gn/T/tmphl24ynqr/ -I/var/folders/7x/b7kmc1l144s4bt3_20c2vbkh0000gn/T/tmphl24ynqr/\'\ngfortran:f90: interpolation.f90\ncompiling Fortran sources\nFortran f77 compiler: /anaconda3/bin/gfortran -Wall -g -ffixed-form -fno-second-underscore -m64 -fPIC -O3 -funroll-loops\nFortran f90 compiler: /anaconda3/bin/gfortran -Wall -g -fno-second-underscore -m64 -fPIC -O3 -funroll-loops\nFortran fix compiler: /anaconda3/bin/gfortran -Wall -g -ffixed-form -fno-second-underscore -Wall -g -fno-second-underscore -m64 -fPIC -O3 -funroll-loops\ncompile options: \'-I/var/folders/7x/b7kmc1l144s4bt3_20c2vbkh0000gn/T/tmphl24ynqr/src.macosx-10.9-x86_64-3.7 -I/Users/trondkr/anaconda3/envs/OpenDrift/lib/python3.7/site-packages/numpy/core/include -I/Users/trondkr/anaconda3/envs/OpenDrift/include/python3.7m -c\'\nextra options: \'-J/var/folders/7x/b7kmc1l144s4bt3_20c2vbkh0000gn/T/tmphl24ynqr/ -I/var/folders/7x/b7kmc1l144s4bt3_20c2vbkh0000gn/T/tmphl24ynqr/\'\ngfortran:f90: /var/folders/7x/b7kmc1l144s4bt3_20c2vbkh0000gn/T/tmphl24ynqr/src.macosx-10.9-x86_64-3.7/interpolation-f2pywrappers2.f90\n/anaconda3/bin/gfortran -Wall -g -m64 -Wall -g -undefined dynamic_lookup -bundle /var/folders/7x/b7kmc1l144s4bt3_20c2vbkh0000gn/T/tmphl24ynqr/var/folders/7x/b7kmc1l144s4bt3_20c2vbkh0000gn/T/tmphl24ynqr/src.macosx-10.9-x86_64-3.7/interpolationmodule.o /var/folders/7x/b7kmc1l144s4bt3_20c2vbkh0000gn/T/tmphl24ynqr/var/folders/7x/b7kmc1l144s4bt3_20c2vbkh0000gn/T/tmphl24ynqr/src.macosx-10.9-x86_64-3.7/fortranobject.o /var/folders/7x/b7kmc1l144s4bt3_20c2vbkh0000gn/T/tmphl24ynqr/interpolation.o /var/folders/7x/b7kmc1l144s4bt3_20c2vbkh0000gn/T/tmphl24ynqr/var/folders/7x/b7kmc1l144s4bt3_20c2vbkh0000gn/T/tmphl24ynqr/src.macosx-10.9-x86_64-3.7/interpolation-f2pywrappers2.o -L/anaconda3/bin/../lib/gcc/x86_64-apple-darwin11.4.2/4.8.5 -L/anaconda3/bin/../lib/gcc/x86_64-apple-darwin11.4.2/4.8.5/../../.. -L/anaconda3/bin/../lib/gcc/x86_64-apple-darwin11.4.2/4.8.5/../../.. -lgfortran -o ./interpolation.cpython-37m-darwin.so\nRemoving build directory /var/folders/7x/b7kmc1l144s4bt3_20c2vbkh0000gn/T/tmphl24ynqr\n'b'running build\nrunning config_cc\nunifing config_cc, config, build_clib, build_ext, build commands --compiler options\nrunning config_fc\nunifing config_fc, config, build_clib, build_ext, build commands --fcompiler options\nrunning build_src\nbuild_src\nbuilding extension "extrapolate" sources\nf2py options: []\nf2py:> /var/folders/7x/b7kmc1l144s4bt3_20c2vbkh0000gn/T/tmpzkf7ylar/src.macosx-10.9-x86_64-3.7/extrapolatemodule.c\ncreating /var/folders/7x/b7kmc1l144s4bt3_20c2vbkh0000gn/T/tmpzkf7ylar/src.macosx-10.9-x86_64-3.7\nReading fortran codes...\n\tReading file \'fill.f90\' (format:free)\nPost-processing...\n\tBlock: extrapolate\n\t\t\tBlock: extrapolate\n\t\t\t\tBlock: fill\nPost-processing (stage 2)...\n\tBlock: extrapolate\n\t\tBlock: unknown_interface\n\t\t\tBlock: extrapolate\n\t\t\t\tBlock: fill\nBuilding modules...\n\tBuilding module "extrapolate"...\n\t\tConstructing F90 module support for "extrapolate"...\n\t\t\tConstructing wrapper function "extrapolate.fill"...\n\t\t\t  za = fill(i1,i2,j1,j2,tx,critx,cor,mxs,za,[nx,ny,overwrite_za])\n\tWrote C/API module "extrapolate" to file "/var/folders/7x/b7kmc1l144s4bt3_20c2vbkh0000gn/T/tmpzkf7ylar/src.macosx-10.9-x86_64-3.7/extrapolatemodule.c"\n\tFortran 90 wrappers are saved to "/var/folders/7x/b7kmc1l144s4bt3_20c2vbkh0000gn/T/tmpzkf7ylar/src.macosx-10.9-x86_64-3.7/extrapolate-f2pywrappers2.f90"\n  adding \'/var/folders/7x/b7kmc1l144s4bt3_20c2vbkh0000gn/T/tmpzkf7ylar/src.macosx-10.9-x86_64-3.7/fortranobject.c\' to sources.\n  adding \'/var/folders/7x/b7kmc1l144s4bt3_20c2vbkh0000gn/T/tmpzkf7ylar/src.macosx-10.9-x86_64-3.7\' to include_dirs.\ncopying /Users/trondkr/anaconda3/envs/OpenDrift/lib/python3.7/site-packages/numpy/f2py/src/fortranobject.c -> /var/folders/7x/b7kmc1l144s4bt3_20c2vbkh0000gn/T/tmpzkf7ylar/src.macosx-10.9-x86_64-3.7\ncopying /Users/trondkr/anaconda3/envs/OpenDrift/lib/python3.7/site-packages/numpy/f2py/src/fortranobject.h -> /var/folders/7x/b7kmc1l144s4bt3_20c2vbkh0000gn/T/tmpzkf7ylar/src.macosx-10.9-x86_64-3.7\n  adding \'/var/folders/7x/b7kmc1l144s4bt3_20c2vbkh0000gn/T/tmpzkf7ylar/src.macosx-10.9-x86_64-3.7/extrapolate-f2pywrappers2.f90\' to sources.\nbuild_src: building npy-pkg config files\nrunning build_ext\ncustomize UnixCCompiler\ncustomize UnixCCompiler using build_ext\nget_default_fcompiler: matching types: \'[\'gnu95\', \'nag\', \'absoft\', \'ibm\', \'intel\', \'gnu\', \'g95\', \'pg\']\'\ncustomize Gnu95FCompiler\nFound executable /anaconda3/bin/gfortran\ncustomize Gnu95FCompiler\ncustomize Gnu95FCompiler using build_ext\nbuilding \'extrapolate\' extension\ncompiling C sources\nC compiler: gcc -Wno-unused-result -Wsign-compare -Wunreachable-code -DNDEBUG -g -fwrapv -O3 -Wall -Wstrict-prototypes -I/Users/trondkr/anaconda3/envs/OpenDrift/include -arch x86_64 -I/Users/trondkr/anaconda3/envs/OpenDrift/include -arch x86_64\n\ncreating /var/folders/7x/b7kmc1l144s4bt3_20c2vbkh0000gn/T/tmpzkf7ylar/var\ncreating /var/folders/7x/b7kmc1l144s4bt3_20c2vbkh0000gn/T/tmpzkf7ylar/var/folders\ncreating /var/folders/7x/b7kmc1l144s4bt3_20c2vbkh0000gn/T/tmpzkf7ylar/var/folders/7x\ncreating /var/folders/7x/b7kmc1l144s4bt3_20c2vbkh0000gn/T/tmpzkf7ylar/var/folders/7x/b7kmc1l144s4bt3_20c2vbkh0000gn\ncreating /var/folders/7x/b7kmc1l144s4bt3_20c2vbkh0000gn/T/tmpzkf7ylar/var/folders/7x/b7kmc1l144s4bt3_20c2vbkh0000gn/T\ncreating /var/folders/7x/b7kmc1l144s4bt3_20c2vbkh0000gn/T/tmpzkf7ylar/var/folders/7x/b7kmc1l144s4bt3_20c2vbkh0000gn/T/tmpzkf7ylar\ncreating /var/folders/7x/b7kmc1l144s4bt3_20c2vbkh0000gn/T/tmpzkf7ylar/var/folders/7x/b7kmc1l144s4bt3_20c2vbkh0000gn/T/tmpzkf7ylar/src.macosx-10.9-x86_64-3.7\ncompile options: \'-I/var/folders/7x/b7kmc1l144s4bt3_20c2vbkh0000gn/T/tmpzkf7ylar/src.macosx-10.9-x86_64-3.7 -I/Users/trondkr/anaconda3/envs/OpenDrift/lib/python3.7/site-packages/numpy/core/include -I/Users/trondkr/anaconda3/envs/OpenDrift/include/python3.7m -c\'\ngcc: /var/folders/7x/b7kmc1l144s4bt3_20c2vbkh0000gn/T/tmpzkf7ylar/src.macosx-10.9-x86_64-3.7/extrapolatemodule.c\ngcc: /var/folders/7x/b7kmc1l144s4bt3_20c2vbkh0000gn/T/tmpzkf7ylar/src.macosx-10.9-x86_64-3.7/fortranobject.c\ncompiling Fortran 90 module sources\nFortran f77 compiler: /anaconda3/bin/gfortran -Wall -g -ffixed-form -fno-second-underscore -m64 -fPIC -O3 -funroll-loops\nFortran f90 compiler: /anaconda3/bin/gfortran -Wall -g -fno-second-underscore -m64 -fPIC -O3 -funroll-loops\nFortran fix compiler: /anaconda3/bin/gfortran -Wall -g -ffixed-form -fno-second-underscore -Wall -g -fno-second-underscore -m64 -fPIC -O3 -funroll-loops\ncompile options: \'-I/var/folders/7x/b7kmc1l144s4bt3_20c2vbkh0000gn/T/tmpzkf7ylar/src.macosx-10.9-x86_64-3.7 -I/Users/trondkr/anaconda3/envs/OpenDrift/lib/python3.7/site-packages/numpy/core/include -I/Users/trondkr/anaconda3/envs/OpenDrift/include/python3.7m -c\'\nextra options: \'-J/var/folders/7x/b7kmc1l144s4bt3_20c2vbkh0000gn/T/tmpzkf7ylar/ -I/var/folders/7x/b7kmc1l144s4bt3_20c2vbkh0000gn/T/tmpzkf7ylar/\'\ngfortran:f90: fill.f90\ncompiling Fortran sources\nFortran f77 compiler: /anaconda3/bin/gfortran -Wall -g -ffixed-form -fno-second-underscore -m64 -fPIC -O3 -funroll-loops\nFortran f90 compiler: /anaconda3/bin/gfortran -Wall -g -fno-second-underscore -m64 -fPIC -O3 -funroll-loops\nFortran fix compiler: /anaconda3/bin/gfortran -Wall -g -ffixed-form -fno-second-underscore -Wall -g -fno-second-underscore -m64 -fPIC -O3 -funroll-loops\ncompile options: \'-I/var/folders/7x/b7kmc1l144s4bt3_20c2vbkh0000gn/T/tmpzkf7ylar/src.macosx-10.9-x86_64-3.7 -I/Users/trondkr/anaconda3/envs/OpenDrift/lib/python3.7/site-packages/numpy/core/include -I/Users/trondkr/anaconda3/envs/OpenDrift/include/python3.7m -c\'\nextra options: \'-J/var/folders/7x/b7kmc1l144s4bt3_20c2vbkh0000gn/T/tmpzkf7ylar/ -I/var/folders/7x/b7kmc1l144s4bt3_20c2vbkh0000gn/T/tmpzkf7ylar/\'\ngfortran:f90: /var/folders/7x/b7kmc1l144s4bt3_20c2vbkh0000gn/T/tmpzkf7ylar/src.macosx-10.9-x86_64-3.7/extrapolate-f2pywrappers2.f90\n/anaconda3/bin/gfortran -Wall -g -m64 -Wall -g -undefined dynamic_lookup -bundle /var/folders/7x/b7kmc1l144s4bt3_20c2vbkh0000gn/T/tmpzkf7ylar/var/folders/7x/b7kmc1l144s4bt3_20c2vbkh0000gn/T/tmpzkf7ylar/src.macosx-10.9-x86_64-3.7/extrapolatemodule.o /var/folders/7x/b7kmc1l144s4bt3_20c2vbkh0000gn/T/tmpzkf7ylar/var/folders/7x/b7kmc1l144s4bt3_20c2vbkh0000gn/T/tmpzkf7ylar/src.macosx-10.9-x86_64-3.7/fortranobject.o /var/folders/7x/b7kmc1l144s4bt3_20c2vbkh0000gn/T/tmpzkf7ylar/fill.o /var/folders/7x/b7kmc1l144s4bt3_20c2vbkh0000gn/T/tmpzkf7ylar/var/folders/7x/b7kmc1l144s4bt3_20c2vbkh0000gn/T/tmpzkf7ylar/src.macosx-10.9-x86_64-3.7/extrapolate-f2pywrappers2.o -L/anaconda3/bin/../lib/gcc/x86_64-apple-darwin11.4.2/4.8.5 -L/anaconda3/bin/../lib/gcc/x86_64-apple-darwin11.4.2/4.8.5/../../.. -L/anaconda3/bin/../lib/gcc/x86_64-apple-darwin11.4.2/4.8.5/../../.. -lgfortran -o ./extrapolate.cpython-37m-darwin.so\nRemoving build directory /var/folders/7x/b7kmc1l144s4bt3_20c2vbkh0000gn/T/tmpzkf7ylar\n'